[debug] [2025-05-19T03:26:28.257Z] ----------------------------------------------------------------------
[debug] [2025-05-19T03:26:28.261Z] Command:       C:\Program Files\nodejs\node.exe C:\Users\ADMIN\AppData\Roaming\npm\node_modules\firebase-tools\lib\bin\firebase.js emulators:start --only storage
[debug] [2025-05-19T03:26:28.262Z] CLI Version:   14.4.0
[debug] [2025-05-19T03:26:28.262Z] Platform:      win32
[debug] [2025-05-19T03:26:28.263Z] Node Version:  v20.18.0
[debug] [2025-05-19T03:26:28.263Z] Time:          Mon May 19 2025 10:26:28 GMT+0700 (Indochina Time)
[debug] [2025-05-19T03:26:28.263Z] ----------------------------------------------------------------------
[debug] 
[debug] [2025-05-19T03:26:28.655Z] > command requires scopes: ["email","openid","https://www.googleapis.com/auth/cloudplatformprojects.readonly","https://www.googleapis.com/auth/firebase","https://www.googleapis.com/auth/cloud-platform"]
[debug] [2025-05-19T03:26:28.656Z] > authorizing via signed-in user (lelan311005@gmail.com)
[debug] [2025-05-19T03:26:29.063Z] java version "23" 2024-09-17

[debug] [2025-05-19T03:26:29.064Z] Java(TM) SE Runtime Environment (build 23+37-2369)
Java HotSpot(TM) 64-Bit Server VM (build 23+37-2369, mixed mode, sharing)

[debug] [2025-05-19T03:26:29.101Z] Parsed Java major version: 23
[info] i  emulators: Starting emulators: storage {"metadata":{"emulator":{"name":"hub"},"message":"Starting emulators: storage"}}
[debug] [2025-05-19T03:26:29.114Z] [logging] Logging Emulator only supports listening on one address (127.0.0.1). Not listening on ::1
[debug] [2025-05-19T03:26:29.114Z] [storage] Storage Emulator only supports listening on one address (127.0.0.1). Not listening on ::1
[debug] [2025-05-19T03:26:29.114Z] assigned listening specs for emulators {"user":{"hub":[{"address":"127.0.0.1","family":"IPv4","port":4400},{"address":"::1","family":"IPv6","port":4400}],"ui":[{"address":"127.0.0.1","family":"IPv4","port":4000},{"address":"::1","family":"IPv6","port":4000}],"logging":[{"address":"127.0.0.1","family":"IPv4","port":4500}],"storage":[{"address":"127.0.0.1","family":"IPv4","port":9199}]},"metadata":{"message":"assigned listening specs for emulators"}}
[debug] [2025-05-19T03:26:29.121Z] [hub] writing locator at C:\Users\ADMIN\AppData\Local\Temp\hub-the-library-e6a10.json
[debug] [2025-05-19T03:26:29.141Z] Ignoring unsupported arg: port {"metadata":{"emulator":{"name":"storage"},"message":"Ignoring unsupported arg: port"}}
[debug] [2025-05-19T03:26:30.916Z] Temp file directory for storage emulator: C:\Users\ADMIN\AppData\Local\Temp/firebase/storage/blobs {"metadata":{"emulator":{"name":"storage"},"message":"Temp file directory for storage emulator: C:\\Users\\ADMIN\\AppData\\Local\\Temp/firebase/storage/blobs"}}
[info] i  ui: downloading ui-v1.15.0.zip... {"metadata":{"emulator":{"name":"ui"},"message":"downloading ui-v1.15.0.zip..."}}
[debug] [2025-05-19T03:26:30.932Z] >>> [apiv2][query] GET https://storage.googleapis.com/firebase-preview-drop/emulator/ui-v1.15.0.zip 
[debug] [2025-05-19T03:26:31.598Z] <<< [apiv2][status] GET https://storage.googleapis.com/firebase-preview-drop/emulator/ui-v1.15.0.zip 200
[debug] [2025-05-19T03:26:31.599Z] <<< [apiv2][body] GET https://storage.googleapis.com/firebase-preview-drop/emulator/ui-v1.15.0.zip [stream]
[debug] [2025-05-19T03:26:35.507Z] Data is 3538469
[debug] [2025-05-19T03:26:35.508Z] [unzip] Entry: client/ (compressed_size=0 bytes, uncompressed_size=0 bytes)
[debug] [2025-05-19T03:26:35.508Z] [unzip] Processing entry: client\
[debug] [2025-05-19T03:26:35.508Z] [unzip] mkdir: C:\Users\ADMIN\.cache\firebase\emulators\ui-v1.15.0\client\
[debug] [2025-05-19T03:26:35.544Z] [unzip] Entry: client/favicon-16x16.png (compressed_size=293 bytes, uncompressed_size=293 bytes)
[debug] [2025-05-19T03:26:35.544Z] [unzip] Processing entry: client\favicon-16x16.png
[debug] [2025-05-19T03:26:35.544Z] [unzip] else mkdir: C:\Users\ADMIN\.cache\firebase\emulators\ui-v1.15.0\client
[debug] [2025-05-19T03:26:35.544Z] [unzip] Writing file: C:\Users\ADMIN\.cache\firebase\emulators\ui-v1.15.0\client\favicon-16x16.png
[debug] [2025-05-19T03:26:35.546Z] [unzip] Entry: client/safari-pinned-tab.svg (compressed_size=1433 bytes, uncompressed_size=2611 bytes)
[debug] [2025-05-19T03:26:35.546Z] [unzip] Processing entry: client\safari-pinned-tab.svg
[debug] [2025-05-19T03:26:35.546Z] [unzip] else mkdir: C:\Users\ADMIN\.cache\firebase\emulators\ui-v1.15.0\client
[debug] [2025-05-19T03:26:35.546Z] [unzip] deflating: C:\Users\ADMIN\.cache\firebase\emulators\ui-v1.15.0\client\safari-pinned-tab.svg
[debug] [2025-05-19T03:26:35.552Z] [unzip] Entry: client/favicon.ico (compressed_size=2933 bytes, uncompressed_size=13294 bytes)
[debug] [2025-05-19T03:26:35.552Z] [unzip] Processing entry: client\favicon.ico
[debug] [2025-05-19T03:26:35.552Z] [unzip] else mkdir: C:\Users\ADMIN\.cache\firebase\emulators\ui-v1.15.0\client
[debug] [2025-05-19T03:26:35.552Z] [unzip] deflating: C:\Users\ADMIN\.cache\firebase\emulators\ui-v1.15.0\client\favicon.ico
[debug] [2025-05-19T03:26:35.554Z] [unzip] Entry: client/index.html (compressed_size=1364 bytes, uncompressed_size=3071 bytes)
[debug] [2025-05-19T03:26:35.554Z] [unzip] Processing entry: client\index.html
[debug] [2025-05-19T03:26:35.554Z] [unzip] else mkdir: C:\Users\ADMIN\.cache\firebase\emulators\ui-v1.15.0\client
[debug] [2025-05-19T03:26:35.555Z] [unzip] deflating: C:\Users\ADMIN\.cache\firebase\emulators\ui-v1.15.0\client\index.html
[debug] [2025-05-19T03:26:35.594Z] [unzip] Entry: client/android-chrome-192x192.png (compressed_size=2684 bytes, uncompressed_size=2684 bytes)
[debug] [2025-05-19T03:26:35.594Z] [unzip] Processing entry: client\android-chrome-192x192.png
[debug] [2025-05-19T03:26:35.594Z] [unzip] else mkdir: C:\Users\ADMIN\.cache\firebase\emulators\ui-v1.15.0\client
[debug] [2025-05-19T03:26:35.595Z] [unzip] Writing file: C:\Users\ADMIN\.cache\firebase\emulators\ui-v1.15.0\client\android-chrome-192x192.png
[debug] [2025-05-19T03:26:35.596Z] [unzip] Entry: client/apple-touch-icon.png (compressed_size=2123 bytes, uncompressed_size=2152 bytes)
[debug] [2025-05-19T03:26:35.596Z] [unzip] Processing entry: client\apple-touch-icon.png
[debug] [2025-05-19T03:26:35.596Z] [unzip] else mkdir: C:\Users\ADMIN\.cache\firebase\emulators\ui-v1.15.0\client
[debug] [2025-05-19T03:26:35.596Z] [unzip] deflating: C:\Users\ADMIN\.cache\firebase\emulators\ui-v1.15.0\client\apple-touch-icon.png
[debug] [2025-05-19T03:26:35.598Z] [unzip] Entry: client/android-chrome-512x512.png (compressed_size=5369 bytes, uncompressed_size=5411 bytes)
[debug] [2025-05-19T03:26:35.598Z] [unzip] Processing entry: client\android-chrome-512x512.png
[debug] [2025-05-19T03:26:35.599Z] [unzip] else mkdir: C:\Users\ADMIN\.cache\firebase\emulators\ui-v1.15.0\client
[debug] [2025-05-19T03:26:35.599Z] [unzip] deflating: C:\Users\ADMIN\.cache\firebase\emulators\ui-v1.15.0\client\android-chrome-512x512.png
[debug] [2025-05-19T03:26:35.601Z] [unzip] Entry: client/manifest.json (compressed_size=245 bytes, uncompressed_size=551 bytes)
[debug] [2025-05-19T03:26:35.601Z] [unzip] Processing entry: client\manifest.json
[debug] [2025-05-19T03:26:35.601Z] [unzip] else mkdir: C:\Users\ADMIN\.cache\firebase\emulators\ui-v1.15.0\client
[debug] [2025-05-19T03:26:35.602Z] [unzip] deflating: C:\Users\ADMIN\.cache\firebase\emulators\ui-v1.15.0\client\manifest.json
[debug] [2025-05-19T03:26:35.603Z] [unzip] Entry: client/robots.txt (compressed_size=26 bytes, uncompressed_size=26 bytes)
[debug] [2025-05-19T03:26:35.604Z] [unzip] Processing entry: client\robots.txt
[debug] [2025-05-19T03:26:35.604Z] [unzip] else mkdir: C:\Users\ADMIN\.cache\firebase\emulators\ui-v1.15.0\client
[debug] [2025-05-19T03:26:35.604Z] [unzip] Writing file: C:\Users\ADMIN\.cache\firebase\emulators\ui-v1.15.0\client\robots.txt
[debug] [2025-05-19T03:26:35.606Z] [unzip] Entry: client/mstile-150x150.png (compressed_size=2034 bytes, uncompressed_size=2034 bytes)
[debug] [2025-05-19T03:26:35.606Z] [unzip] Processing entry: client\mstile-150x150.png
[debug] [2025-05-19T03:26:35.606Z] [unzip] else mkdir: C:\Users\ADMIN\.cache\firebase\emulators\ui-v1.15.0\client
[debug] [2025-05-19T03:26:35.606Z] [unzip] Writing file: C:\Users\ADMIN\.cache\firebase\emulators\ui-v1.15.0\client\mstile-150x150.png
[debug] [2025-05-19T03:26:35.608Z] [unzip] Entry: client/assets/ (compressed_size=0 bytes, uncompressed_size=0 bytes)
[debug] [2025-05-19T03:26:35.608Z] [unzip] Processing entry: client\assets\
[debug] [2025-05-19T03:26:35.608Z] [unzip] mkdir: C:\Users\ADMIN\.cache\firebase\emulators\ui-v1.15.0\client\assets\
[debug] [2025-05-19T03:26:35.608Z] [unzip] Entry: client/assets/index-BX-A56oj.js (compressed_size=582089 bytes, uncompressed_size=2092775 bytes)
[debug] [2025-05-19T03:26:35.609Z] [unzip] Processing entry: client\assets\index-BX-A56oj.js
[debug] [2025-05-19T03:26:35.609Z] [unzip] else mkdir: C:\Users\ADMIN\.cache\firebase\emulators\ui-v1.15.0\client\assets
[debug] [2025-05-19T03:26:35.609Z] [unzip] deflating: C:\Users\ADMIN\.cache\firebase\emulators\ui-v1.15.0\client\assets\index-BX-A56oj.js
[debug] [2025-05-19T03:26:35.623Z] [unzip] Entry: client/assets/index-CjB9C900.css (compressed_size=35979 bytes, uncompressed_size=298654 bytes)
[debug] [2025-05-19T03:26:35.624Z] [unzip] Processing entry: client\assets\index-CjB9C900.css
[debug] [2025-05-19T03:26:35.624Z] [unzip] else mkdir: C:\Users\ADMIN\.cache\firebase\emulators\ui-v1.15.0\client\assets
[debug] [2025-05-19T03:26:35.624Z] [unzip] deflating: C:\Users\ADMIN\.cache\firebase\emulators\ui-v1.15.0\client\assets\index-CjB9C900.css
[debug] [2025-05-19T03:26:35.627Z] [unzip] Entry: client/assets/index-BX-A56oj.js.map (compressed_size=2362482 bytes, uncompressed_size=10036679 bytes)
[debug] [2025-05-19T03:26:35.627Z] [unzip] Processing entry: client\assets\index-BX-A56oj.js.map
[debug] [2025-05-19T03:26:35.627Z] [unzip] else mkdir: C:\Users\ADMIN\.cache\firebase\emulators\ui-v1.15.0\client\assets
[debug] [2025-05-19T03:26:35.627Z] [unzip] deflating: C:\Users\ADMIN\.cache\firebase\emulators\ui-v1.15.0\client\assets\index-BX-A56oj.js.map
[debug] [2025-05-19T03:26:35.717Z] [unzip] Entry: client/assets/extensions/ (compressed_size=0 bytes, uncompressed_size=0 bytes)
[debug] [2025-05-19T03:26:35.717Z] [unzip] Processing entry: client\assets\extensions\
[debug] [2025-05-19T03:26:35.717Z] [unzip] mkdir: C:\Users\ADMIN\.cache\firebase\emulators\ui-v1.15.0\client\assets\extensions\
[debug] [2025-05-19T03:26:35.717Z] [unzip] Entry: client/assets/extensions/default-extension.png (compressed_size=1646 bytes, uncompressed_size=1657 bytes)
[debug] [2025-05-19T03:26:35.718Z] [unzip] Processing entry: client\assets\extensions\default-extension.png
[debug] [2025-05-19T03:26:35.718Z] [unzip] else mkdir: C:\Users\ADMIN\.cache\firebase\emulators\ui-v1.15.0\client\assets\extensions
[debug] [2025-05-19T03:26:35.718Z] [unzip] deflating: C:\Users\ADMIN\.cache\firebase\emulators\ui-v1.15.0\client\assets\extensions\default-extension.png
[debug] [2025-05-19T03:26:35.719Z] [unzip] Entry: client/assets/img/ (compressed_size=0 bytes, uncompressed_size=0 bytes)
[debug] [2025-05-19T03:26:35.720Z] [unzip] Processing entry: client\assets\img\
[debug] [2025-05-19T03:26:35.720Z] [unzip] mkdir: C:\Users\ADMIN\.cache\firebase\emulators\ui-v1.15.0\client\assets\img\
[debug] [2025-05-19T03:26:35.720Z] [unzip] Entry: client/assets/img/database.png (compressed_size=29449 bytes, uncompressed_size=29988 bytes)
[debug] [2025-05-19T03:26:35.720Z] [unzip] Processing entry: client\assets\img\database.png
[debug] [2025-05-19T03:26:35.720Z] [unzip] else mkdir: C:\Users\ADMIN\.cache\firebase\emulators\ui-v1.15.0\client\assets\img
[debug] [2025-05-19T03:26:35.720Z] [unzip] deflating: C:\Users\ADMIN\.cache\firebase\emulators\ui-v1.15.0\client\assets\img\database.png
[debug] [2025-05-19T03:26:35.722Z] [unzip] Entry: client/assets/provider-icons/ (compressed_size=0 bytes, uncompressed_size=0 bytes)
[debug] [2025-05-19T03:26:35.722Z] [unzip] Processing entry: client\assets\provider-icons\
[debug] [2025-05-19T03:26:35.722Z] [unzip] mkdir: C:\Users\ADMIN\.cache\firebase\emulators\ui-v1.15.0\client\assets\provider-icons\
[debug] [2025-05-19T03:26:35.723Z] [unzip] Entry: client/assets/provider-icons/auth_service_saml.svg (compressed_size=575 bytes, uncompressed_size=1226 bytes)
[debug] [2025-05-19T03:26:35.723Z] [unzip] Processing entry: client\assets\provider-icons\auth_service_saml.svg
[debug] [2025-05-19T03:26:35.723Z] [unzip] else mkdir: C:\Users\ADMIN\.cache\firebase\emulators\ui-v1.15.0\client\assets\provider-icons
[debug] [2025-05-19T03:26:35.723Z] [unzip] deflating: C:\Users\ADMIN\.cache\firebase\emulators\ui-v1.15.0\client\assets\provider-icons\auth_service_saml.svg
[debug] [2025-05-19T03:26:35.725Z] [unzip] Entry: client/assets/provider-icons/auth_service_phone.svg (compressed_size=261 bytes, uncompressed_size=414 bytes)
[debug] [2025-05-19T03:26:35.725Z] [unzip] Processing entry: client\assets\provider-icons\auth_service_phone.svg
[debug] [2025-05-19T03:26:35.725Z] [unzip] else mkdir: C:\Users\ADMIN\.cache\firebase\emulators\ui-v1.15.0\client\assets\provider-icons
[debug] [2025-05-19T03:26:35.725Z] [unzip] deflating: C:\Users\ADMIN\.cache\firebase\emulators\ui-v1.15.0\client\assets\provider-icons\auth_service_phone.svg
[debug] [2025-05-19T03:26:35.726Z] [unzip] Entry: client/assets/provider-icons/auth_service_facebook.svg (compressed_size=289 bytes, uncompressed_size=457 bytes)
[debug] [2025-05-19T03:26:35.726Z] [unzip] Processing entry: client\assets\provider-icons\auth_service_facebook.svg
[debug] [2025-05-19T03:26:35.726Z] [unzip] else mkdir: C:\Users\ADMIN\.cache\firebase\emulators\ui-v1.15.0\client\assets\provider-icons
[debug] [2025-05-19T03:26:35.726Z] [unzip] deflating: C:\Users\ADMIN\.cache\firebase\emulators\ui-v1.15.0\client\assets\provider-icons\auth_service_facebook.svg
[debug] [2025-05-19T03:26:35.750Z] [unzip] Entry: client/assets/provider-icons/auth_service_game_center.svg (compressed_size=991 bytes, uncompressed_size=3921 bytes)
[debug] [2025-05-19T03:26:35.750Z] [unzip] Processing entry: client\assets\provider-icons\auth_service_game_center.svg
[debug] [2025-05-19T03:26:35.750Z] [unzip] else mkdir: C:\Users\ADMIN\.cache\firebase\emulators\ui-v1.15.0\client\assets\provider-icons
[debug] [2025-05-19T03:26:35.751Z] [unzip] deflating: C:\Users\ADMIN\.cache\firebase\emulators\ui-v1.15.0\client\assets\provider-icons\auth_service_game_center.svg
[debug] [2025-05-19T03:26:35.752Z] [unzip] Entry: client/assets/provider-icons/auth_service_apple.svg (compressed_size=230 bytes, uncompressed_size=334 bytes)
[debug] [2025-05-19T03:26:35.752Z] [unzip] Processing entry: client\assets\provider-icons\auth_service_apple.svg
[debug] [2025-05-19T03:26:35.752Z] [unzip] else mkdir: C:\Users\ADMIN\.cache\firebase\emulators\ui-v1.15.0\client\assets\provider-icons
[debug] [2025-05-19T03:26:35.753Z] [unzip] deflating: C:\Users\ADMIN\.cache\firebase\emulators\ui-v1.15.0\client\assets\provider-icons\auth_service_apple.svg
[debug] [2025-05-19T03:26:35.754Z] [unzip] Entry: client/assets/provider-icons/auth_service_github.svg (compressed_size=466 bytes, uncompressed_size=838 bytes)
[debug] [2025-05-19T03:26:35.754Z] [unzip] Processing entry: client\assets\provider-icons\auth_service_github.svg
[debug] [2025-05-19T03:26:35.754Z] [unzip] else mkdir: C:\Users\ADMIN\.cache\firebase\emulators\ui-v1.15.0\client\assets\provider-icons
[debug] [2025-05-19T03:26:35.755Z] [unzip] deflating: C:\Users\ADMIN\.cache\firebase\emulators\ui-v1.15.0\client\assets\provider-icons\auth_service_github.svg
[debug] [2025-05-19T03:26:35.756Z] [unzip] Entry: client/assets/provider-icons/auth_service_mslive.svg (compressed_size=203 bytes, uncompressed_size=378 bytes)
[debug] [2025-05-19T03:26:35.756Z] [unzip] Processing entry: client\assets\provider-icons\auth_service_mslive.svg
[debug] [2025-05-19T03:26:35.756Z] [unzip] else mkdir: C:\Users\ADMIN\.cache\firebase\emulators\ui-v1.15.0\client\assets\provider-icons
[debug] [2025-05-19T03:26:35.757Z] [unzip] deflating: C:\Users\ADMIN\.cache\firebase\emulators\ui-v1.15.0\client\assets\provider-icons\auth_service_mslive.svg
[debug] [2025-05-19T03:26:35.758Z] [unzip] Entry: client/assets/provider-icons/auth_service_yahoo.svg (compressed_size=577 bytes, uncompressed_size=1182 bytes)
[debug] [2025-05-19T03:26:35.758Z] [unzip] Processing entry: client\assets\provider-icons\auth_service_yahoo.svg
[debug] [2025-05-19T03:26:35.758Z] [unzip] else mkdir: C:\Users\ADMIN\.cache\firebase\emulators\ui-v1.15.0\client\assets\provider-icons
[debug] [2025-05-19T03:26:35.758Z] [unzip] deflating: C:\Users\ADMIN\.cache\firebase\emulators\ui-v1.15.0\client\assets\provider-icons\auth_service_yahoo.svg
[debug] [2025-05-19T03:26:35.760Z] [unzip] Entry: client/assets/provider-icons/auth_service_twitter.svg (compressed_size=444 bytes, uncompressed_size=751 bytes)
[debug] [2025-05-19T03:26:35.760Z] [unzip] Processing entry: client\assets\provider-icons\auth_service_twitter.svg
[debug] [2025-05-19T03:26:35.760Z] [unzip] else mkdir: C:\Users\ADMIN\.cache\firebase\emulators\ui-v1.15.0\client\assets\provider-icons
[debug] [2025-05-19T03:26:35.760Z] [unzip] deflating: C:\Users\ADMIN\.cache\firebase\emulators\ui-v1.15.0\client\assets\provider-icons\auth_service_twitter.svg
[debug] [2025-05-19T03:26:35.761Z] [unzip] Entry: client/assets/provider-icons/auth_service_play_games.svg (compressed_size=565 bytes, uncompressed_size=1173 bytes)
[debug] [2025-05-19T03:26:35.762Z] [unzip] Processing entry: client\assets\provider-icons\auth_service_play_games.svg
[debug] [2025-05-19T03:26:35.762Z] [unzip] else mkdir: C:\Users\ADMIN\.cache\firebase\emulators\ui-v1.15.0\client\assets\provider-icons
[debug] [2025-05-19T03:26:35.762Z] [unzip] deflating: C:\Users\ADMIN\.cache\firebase\emulators\ui-v1.15.0\client\assets\provider-icons\auth_service_play_games.svg
[debug] [2025-05-19T03:26:35.763Z] [unzip] Entry: client/assets/provider-icons/auth_service_email.svg (compressed_size=228 bytes, uncompressed_size=326 bytes)
[debug] [2025-05-19T03:26:35.763Z] [unzip] Processing entry: client\assets\provider-icons\auth_service_email.svg
[debug] [2025-05-19T03:26:35.763Z] [unzip] else mkdir: C:\Users\ADMIN\.cache\firebase\emulators\ui-v1.15.0\client\assets\provider-icons
[debug] [2025-05-19T03:26:35.764Z] [unzip] deflating: C:\Users\ADMIN\.cache\firebase\emulators\ui-v1.15.0\client\assets\provider-icons\auth_service_email.svg
[debug] [2025-05-19T03:26:35.765Z] [unzip] Entry: client/assets/provider-icons/auth_service_google.svg (compressed_size=409 bytes, uncompressed_size=720 bytes)
[debug] [2025-05-19T03:26:35.765Z] [unzip] Processing entry: client\assets\provider-icons\auth_service_google.svg
[debug] [2025-05-19T03:26:35.765Z] [unzip] else mkdir: C:\Users\ADMIN\.cache\firebase\emulators\ui-v1.15.0\client\assets\provider-icons
[debug] [2025-05-19T03:26:35.765Z] [unzip] deflating: C:\Users\ADMIN\.cache\firebase\emulators\ui-v1.15.0\client\assets\provider-icons\auth_service_google.svg
[debug] [2025-05-19T03:26:35.766Z] [unzip] Entry: client/assets/provider-icons/auth_service_oidc.svg (compressed_size=414 bytes, uncompressed_size=858 bytes)
[debug] [2025-05-19T03:26:35.766Z] [unzip] Processing entry: client\assets\provider-icons\auth_service_oidc.svg
[debug] [2025-05-19T03:26:35.766Z] [unzip] else mkdir: C:\Users\ADMIN\.cache\firebase\emulators\ui-v1.15.0\client\assets\provider-icons
[debug] [2025-05-19T03:26:35.767Z] [unzip] deflating: C:\Users\ADMIN\.cache\firebase\emulators\ui-v1.15.0\client\assets\provider-icons\auth_service_oidc.svg
[debug] [2025-05-19T03:26:35.768Z] [unzip] Entry: client/browserconfig.xml (compressed_size=491 bytes, uncompressed_size=822 bytes)
[debug] [2025-05-19T03:26:35.768Z] [unzip] Processing entry: client\browserconfig.xml
[debug] [2025-05-19T03:26:35.768Z] [unzip] else mkdir: C:\Users\ADMIN\.cache\firebase\emulators\ui-v1.15.0\client
[debug] [2025-05-19T03:26:35.768Z] [unzip] deflating: C:\Users\ADMIN\.cache\firebase\emulators\ui-v1.15.0\client\browserconfig.xml
[debug] [2025-05-19T03:26:35.769Z] [unzip] Entry: client/favicon-32x32.png (compressed_size=475 bytes, uncompressed_size=475 bytes)
[debug] [2025-05-19T03:26:35.769Z] [unzip] Processing entry: client\favicon-32x32.png
[debug] [2025-05-19T03:26:35.769Z] [unzip] else mkdir: C:\Users\ADMIN\.cache\firebase\emulators\ui-v1.15.0\client
[debug] [2025-05-19T03:26:35.770Z] [unzip] Writing file: C:\Users\ADMIN\.cache\firebase\emulators\ui-v1.15.0\client\favicon-32x32.png
[debug] [2025-05-19T03:26:35.771Z] [unzip] Entry: server/ (compressed_size=0 bytes, uncompressed_size=0 bytes)
[debug] [2025-05-19T03:26:35.771Z] [unzip] Processing entry: server\
[debug] [2025-05-19T03:26:35.771Z] [unzip] mkdir: C:\Users\ADMIN\.cache\firebase\emulators\ui-v1.15.0\server\
[debug] [2025-05-19T03:26:35.771Z] [unzip] Entry: server/server.mjs.map (compressed_size=217845 bytes, uncompressed_size=944978 bytes)
[debug] [2025-05-19T03:26:35.771Z] [unzip] Processing entry: server\server.mjs.map
[debug] [2025-05-19T03:26:35.771Z] [unzip] else mkdir: C:\Users\ADMIN\.cache\firebase\emulators\ui-v1.15.0\server
[debug] [2025-05-19T03:26:35.771Z] [unzip] deflating: C:\Users\ADMIN\.cache\firebase\emulators\ui-v1.15.0\server\server.mjs.map
[debug] [2025-05-19T03:26:35.778Z] [unzip] Entry: server/server.mjs (compressed_size=276407 bytes, uncompressed_size=933701 bytes)
[debug] [2025-05-19T03:26:35.778Z] [unzip] Processing entry: server\server.mjs
[debug] [2025-05-19T03:26:35.778Z] [unzip] else mkdir: C:\Users\ADMIN\.cache\firebase\emulators\ui-v1.15.0\server
[debug] [2025-05-19T03:26:35.778Z] [unzip] deflating: C:\Users\ADMIN\.cache\firebase\emulators\ui-v1.15.0\server\server.mjs
[debug] [2025-05-19T03:26:35.792Z] Could not find VSCode notification endpoint: FetchError: request to http://localhost:40001/vscode/notify failed, reason: . If you are not running the Firebase Data Connect VSCode extension, this is expected and not an issue.
[info] 
┌─────────────────────────────────────────────────────────────┐
│ ✔  All emulators ready! It is now safe to connect your app. │
│ i  View Emulator UI at http://127.0.0.1:4000/               │
└─────────────────────────────────────────────────────────────┘

┌──────────┬────────────────┬───────────────────────────────┐
│ Emulator │ Host:Port      │ View in Emulator UI           │
├──────────┼────────────────┼───────────────────────────────┤
│ Storage  │ 127.0.0.1:9199 │ http://127.0.0.1:4000/storage │
└──────────┴────────────────┴───────────────────────────────┘
  Emulator Hub host: 127.0.0.1 port: 4400
  Other reserved ports: 4500

Issues? Report them at https://github.com/firebase/firebase-tools/issues and attach the *-debug.log files.
 
